=== sync run @ 2026-04-24T09:36:05Z ===
run_id: 1
status: dry-run
added_count: 25
removed_count: 14
skipped_count: 20
failed_count: 0
notes: spotify_count=263; mode=full; qq_count=232; incremental: search=263 reused=0 snap_del=0; safety=ok: remove 14/232 (6.03%); dry_run: would add 25, remove 14

=== sync run @ 2026-04-24T10:13:47Z ===
run_id: 2
status: failed
added_count: 0
removed_count: 0
skipped_count: 0
failed_count: 1
notes: exception: HTTPSConnectionPool(host='api.spotify.com', port=443): Max retries exceeded with url: /v1/playlists/2vmKbuP1FVcdin8jX6GZYA/items?offset=100&limit=100&fields=items(item(id,name,duration_ms,artists(name),album(name),external_ids(isrc))),next (Caused by SSLError(SSLEOFError(8, 'EOF occurred in violation of protocol (_ssl.c:2427)')))

=== sync run @ 2026-04-24T10:16:45Z ===
run_id: 3
status: failed
added_count: 0
removed_count: 0
skipped_count: 0
failed_count: 1
notes: spotify_count=263; mode=incremental; qq_count=232; incremental: search=263 reused=0 snap_del=0; exception: [Errno 32] Broken pipe

=== sync run @ 2026-04-24T10:20:34Z ===
run_id: 4
status: dry-run
added_count: 25
removed_count: 14
skipped_count: 20
failed_count: 0
notes: spotify_count=263; mode=incremental; qq_count=232; incremental: search=263 reused=0 snap_del=0; safety=ok: remove 14/232 (6.03%); dry_run: would add 25, remove 14

=== sync run @ 2026-04-26T03:03:55Z ===
run_id: 7
status: dry-run
added_count: 37
removed_count: 15
skipped_count: 22
failed_count: 0
notes: spotify_count=276; mode=incremental; qq_count=232; incremental: search=14 reused=242 skipped_unmatched=20 snap_del=0; safety=ok: remove 15/232 (6.47%); dry_run: would add 37, remove 15

=== sync run @ 2026-04-26T03:04:50Z ===
run_id: 8
status: success
added_count: 37
removed_count: 15
skipped_count: 22
failed_count: 0
notes: spotify_count=276; mode=incremental; qq_count=232; incremental: search=0 reused=254 skipped_unmatched=22 snap_del=0; safety=ok: remove 15/232 (6.47%)

=== sync run @ 2026-05-07T14:43:10Z ===
run_id: 9
status: dry-run
added_count: 253
removed_count: 311
skipped_count: 55
failed_count: 0
notes: op=reorder; spotify_count=309; qq_count=311; mapped=253 unmapped=55; safety=loss 18.6% vs threshold 20.0%; dry_run: would_delete=311 would_add=253

=== sync run @ 2026-05-07T15:18:25Z ===
run_id: 10
status: success
added_count: 4
removed_count: 33
skipped_count: 26
failed_count: 0
notes: spotify_count=309; mode=full; qq_count=311; incremental: search=309 reused=0 skipped_unmatched=0 snap_del=0; safety=ok: remove 33/311 (10.61%)

=== sync run @ 2026-05-07T15:18:43Z ===
run_id: 11
status: dry-run
added_count: 283
removed_count: 315
skipped_count: 25
failed_count: 0
notes: op=reorder; spotify_count=309; qq_count=315; mapped=283 unmapped=25; safety=loss 10.2% vs threshold 20.0%; dry_run: would_delete=315 would_add=283

=== sync run @ 2026-05-07T15:19:07Z ===
run_id: 12
status: success
added_count: 283
removed_count: 315
skipped_count: 25
failed_count: 0
notes: op=reorder; spotify_count=309; qq_count=315; mapped=283 unmapped=25; safety=loss 10.2% vs threshold 20.0%

=== sync run @ 2026-05-28T17:17:09Z ===
run_id: 13
status: dry-run
added_count: 306
removed_count: 349
skipped_count: 29
failed_count: 0
notes: spotify_count=336; mode=incremental; qq_credential_rotated=local-only (no PAT configured); qq_count=349; incremental: search=27 reused=283 skipped_unmatched=25 snap_del=0; safety=ok: remove 44/349 (12.61%); rebuild loss 43/349 (12.32% <= 20.00%); dry_run: would rebuild delete=349 add=306

=== sync run @ 2026-05-28T17:26:07Z ===
run_id: 14
status: dry-run
added_count: 266
removed_count: 349
skipped_count: 69
failed_count: 0
notes: spotify_count=336; mode=full; qq_credential_rotated=local-only (no PAT configured); qq_count=349; incremental: search=336 reused=0 skipped_unmatched=0 snap_del=0; safety=threshold exceeded: would remove 84/349 (24.07% > 20.00%); rebuild threshold exceeded: would lose 83/349 (23.78% > 20.00%); dry_run: would rebuild delete=349 add=266

=== sync run @ 2026-05-28T17:28:13Z ===
run_id: 15
status: dry-run
added_count: 269
removed_count: 349
skipped_count: 66
failed_count: 0
notes: spotify_count=336; mode=incremental; qq_credential_rotated=local-only (no PAT configured); qq_count=349; incremental: search=0 reused=269 skipped_unmatched=66 snap_del=0; safety=threshold exceeded: would remove 81/349 (23.21% > 20.00%); rebuild threshold exceeded: would lose 80/349 (22.92% > 20.00%); dry_run: would rebuild delete=349 add=269

=== sync run @ 2026-05-28T17:36:40Z ===
run_id: 16
status: dry-run
added_count: 296
removed_count: 349
skipped_count: 39
failed_count: 0
notes: spotify_count=336; mode=full; qq_credential_rotated=local-only (no PAT configured); qq_count=349; incremental: search=336 reused=0 skipped_unmatched=0 snap_del=0; safety=ok: remove 55/349 (15.76%); rebuild loss 53/349 (15.19% <= 20.00%); dry_run: would rebuild delete=349 add=296

=== sync run @ 2026-05-28T17:39:22Z ===
run_id: 17
status: dry-run
added_count: 298
removed_count: 349
skipped_count: 37
failed_count: 0
notes: spotify_count=336; mode=incremental; qq_credential_rotated=local-only (no PAT configured); qq_count=349; incremental: search=0 reused=298 skipped_unmatched=37 snap_del=0; safety=ok: remove 53/349 (15.19%); rebuild loss 51/349 (14.61% <= 20.00%); dry_run: would rebuild delete=349 add=298

=== sync run @ 2026-05-28T17:47:49Z ===
run_id: 18
status: success
added_count: 304
removed_count: 349
skipped_count: 31
failed_count: 0
notes: spotify_count=336; mode=full; qq_credential_rotated=local-only (no PAT configured); qq_count=349; incremental: search=336 reused=0 skipped_unmatched=0 snap_del=0; safety=ok: remove 53/349 (15.19%); rebuild loss 45/349 (12.89% <= 20.00%); rebuild: deleted=349 added=304 target_order=304

=== sync run @ 2026-05-28T17:48:10Z ===
run_id: 19
status: dry-run
added_count: 304
removed_count: 357
skipped_count: 31
failed_count: 0
notes: spotify_count=336; mode=incremental; qq_credential_rotated=local-only (no PAT configured); qq_count=357; incremental: search=0 reused=304 skipped_unmatched=31 snap_del=0; safety=ok: remove 53/357 (14.85%); rebuild loss 53/357 (14.85% <= 20.00%); dry_run: would rebuild delete=357 add=304

=== sync run @ 2026-05-28T17:49:54Z ===
run_id: 20
status: dry-run
added_count: 304
removed_count: 357
skipped_count: 31
failed_count: 0
notes: spotify_count=336; mode=incremental; qq_credential_rotated=local-only (no PAT configured); qq_count=357; incremental: search=0 reused=304 skipped_unmatched=31 snap_del=0; safety=ok: remove 53/357 (14.85%); rebuild loss 53/357 (14.85% <= 20.00%); dry_run: would rebuild delete=357 add=304

=== sync run @ 2026-05-28T17:51:36Z ===
run_id: 21
status: dry-run
added_count: 304
removed_count: 314
skipped_count: 31
failed_count: 0
notes: spotify_count=336; mode=incremental; qq_credential_rotated=local-only (no PAT configured); qq_count=314; incremental: search=0 reused=304 skipped_unmatched=31 snap_del=0; safety=ok: remove 10/314 (3.18%); rebuild loss 10/314 (3.18% <= 20.00%); dry_run: would rebuild delete=314 add=304

=== sync run @ 2026-05-28T17:52:06Z ===
run_id: 22
status: success
added_count: 304
removed_count: 314
skipped_count: 31
failed_count: 0
notes: spotify_count=336; mode=incremental; qq_credential_rotated=local-only (no PAT configured); qq_count=314; incremental: search=0 reused=304 skipped_unmatched=31 snap_del=0; safety=ok: remove 10/314 (3.18%); rebuild loss 10/314 (3.18% <= 20.00%); rebuild: deleted=314 added=304 target_order=304

=== sync run @ 2026-05-28T17:52:30Z ===
run_id: 23
status: dry-run
added_count: 304
removed_count: 304
skipped_count: 31
failed_count: 0
notes: spotify_count=336; mode=incremental; qq_credential_rotated=local-only (no PAT configured); qq_count=304; incremental: search=0 reused=304 skipped_unmatched=31 snap_del=0; safety=ok: remove 0/304 (0.00%); rebuild loss 0/304 (0.00% <= 20.00%); dry_run: would rebuild delete=304 add=304

=== sync run @ 2026-05-28T17:54:01Z ===
run_id: 24
status: dry-run
added_count: 304
removed_count: 304
skipped_count: 31
failed_count: 0
notes: spotify_count=336; mode=incremental; qq_credential_rotated=local-only (no PAT configured); qq_count=304; incremental: search=0 reused=304 skipped_unmatched=31 snap_del=0; safety=ok: remove 0/304 (0.00%); rebuild loss 0/304 (0.00% <= 20.00%); dry_run: would rebuild delete=304 add=304

=== sync run @ 2026-05-28T18:08:30Z ===
run_id: 25
status: dry-run
added_count: 0
removed_count: 0
skipped_count: 31
failed_count: 0
notes: spotify_count=336; mode=incremental; qq_credential_rotated=local-only (no PAT configured); qq_count=304; incremental: search=0 reused=304 skipped_unmatched=31 snap_del=0; write_mode=incremental; safety=ok: remove 0/304 (0.00%); order ok: display-desc; dry_run: would delete=0 add=0

=== sync run @ 2026-07-06T04:08:05Z ===
run_id: 26
status: success
added_count: 329
removed_count: 319
skipped_count: 35
failed_count: 0
notes: spotify_count=365; mode=incremental; qq_credential_rotated=local-only (no PAT configured); qq_count=319; incremental: search=30 reused=303 skipped_unmatched=31 snap_del=1; write_mode=rebuild; safety=ok: remove 11/319 (3.45%); rebuild loss 0/319 (0.00% <= 20.00%); rebuild: deleted=319 added=329 target_order=329

=== sync run @ 2026-07-06T04:22:58Z ===
run_id: 27
status: success
added_count: 0
removed_count: 0
skipped_count: 35
failed_count: 0
notes: spotify_count=365; mode=incremental; qq_credential_rotated=local-only (no PAT configured); qq_count=329; incremental: search=0 reused=329 skipped_unmatched=35 snap_del=0; write_mode=incremental; safety=ok: remove 0/329 (0.00%); order ok: display-desc; incremental_apply: deleted=0 added=0

=== sync run @ 2026-07-06T14:22:06Z ===
run_id: 28
status: success
added_count: 1
removed_count: 0
skipped_count: 35
failed_count: 0
notes: spotify_count=366; mode=incremental; qq_credential_rotated=local-only (no PAT configured); qq_count=329; incremental: search=1 reused=329 skipped_unmatched=35 snap_del=0; write_mode=incremental; safety=ok: remove 0/329 (0.00%); order ok: display-desc; incremental_apply: deleted=0 added=1

=== sync run @ 2026-07-07T13:13:07Z ===
run_id: 29
status: success
added_count: 0
removed_count: 0
skipped_count: 35
failed_count: 0
notes: spotify_count=366; mode=incremental; qq_credential_rotated=local-only (no PAT configured); qq_count=330; incremental: search=0 reused=330 skipped_unmatched=35 snap_del=0; write_mode=incremental; safety=ok: remove 0/330 (0.00%); order ok: display-desc; incremental_apply: deleted=0 added=0

=== sync run @ 2026-07-08T12:15:37Z ===
run_id: 30
status: success
added_count: 0
removed_count: 0
skipped_count: 36
failed_count: 0
notes: spotify_count=367; mode=incremental; qq_credential_rotated=local-only (no PAT configured); qq_count=330; incremental: search=1 reused=330 skipped_unmatched=35 snap_del=0; write_mode=incremental; safety=ok: remove 0/330 (0.00%); order ok: display-desc; incremental_apply: deleted=0 added=0

=== sync run @ 2026-07-09T13:44:42Z ===
run_id: 31
status: success
added_count: 2
removed_count: 1
skipped_count: 36
failed_count: 0
notes: spotify_count=369; mode=incremental; qq_credential_rotated=local-only (no PAT configured); qq_count=331; incremental: search=2 reused=330 skipped_unmatched=36 snap_del=0; write_mode=incremental; safety=ok: remove 1/331 (0.30%); order ok: display-desc; incremental_apply: deleted=1 added=2

=== sync run @ 2026-07-10T13:06:26Z ===
run_id: 32
status: success
added_count: 1
removed_count: 0
skipped_count: 36
failed_count: 0
notes: spotify_count=370; mode=incremental; qq_credential_rotated=local-only (no PAT configured); qq_count=332; incremental: search=1 reused=332 skipped_unmatched=36 snap_del=0; write_mode=incremental; safety=ok: remove 0/332 (0.00%); order ok: display-desc; incremental_apply: deleted=0 added=1

=== sync run @ 2026-07-11T11:46:31Z ===
run_id: 33
status: success
added_count: 0
removed_count: 0
skipped_count: 36
failed_count: 0
notes: spotify_count=370; mode=incremental; qq_credential_rotated=local-only (no PAT configured); qq_count=333; incremental: search=0 reused=333 skipped_unmatched=36 snap_del=0; write_mode=incremental; safety=ok: remove 0/333 (0.00%); order ok: display-desc; incremental_apply: deleted=0 added=0

=== sync run @ 2026-07-12T11:52:19Z ===
run_id: 34
status: success
added_count: 0
removed_count: 0
skipped_count: 36
failed_count: 0
notes: spotify_count=370; mode=incremental; qq_credential_rotated=local-only (no PAT configured); qq_count=333; incremental: search=0 reused=333 skipped_unmatched=36 snap_del=0; write_mode=incremental; safety=ok: remove 0/333 (0.00%); order ok: display-desc; incremental_apply: deleted=0 added=0

=== sync run @ 2026-07-13T13:13:44Z ===
run_id: 35
status: success
added_count: 0
removed_count: 0
skipped_count: 36
failed_count: 0
notes: spotify_count=370; mode=incremental; qq_credential_rotated=local-only (no PAT configured); qq_count=333; incremental: search=0 reused=333 skipped_unmatched=36 snap_del=0; write_mode=incremental; safety=ok: remove 0/333 (0.00%); order ok: display-desc; incremental_apply: deleted=0 added=0

=== sync run @ 2026-07-14T12:06:14Z ===
run_id: 36
status: success
added_count: 0
removed_count: 0
skipped_count: 36
failed_count: 0
notes: spotify_count=370; mode=incremental; qq_credential_rotated=local-only (no PAT configured); qq_count=333; incremental: search=0 reused=333 skipped_unmatched=36 snap_del=0; write_mode=incremental; safety=ok: remove 0/333 (0.00%); order ok: display-desc; incremental_apply: deleted=0 added=0

=== sync run @ 2026-07-15T12:10:23Z ===
run_id: 37
status: success
added_count: 0
removed_count: 0
skipped_count: 36
failed_count: 0
notes: spotify_count=370; mode=incremental; qq_credential_rotated=local-only (no PAT configured); qq_count=333; incremental: search=0 reused=333 skipped_unmatched=36 snap_del=0; write_mode=incremental; safety=ok: remove 0/333 (0.00%); order ok: display-desc; incremental_apply: deleted=0 added=0

=== sync run @ 2026-07-16T12:15:31Z ===
run_id: 38
status: success
added_count: 0
removed_count: 0
skipped_count: 36
failed_count: 0
notes: spotify_count=370; mode=incremental; qq_credential_rotated=local-only (no PAT configured); qq_count=333; incremental: search=0 reused=333 skipped_unmatched=36 snap_del=0; write_mode=incremental; safety=ok: remove 0/333 (0.00%); order ok: display-desc; incremental_apply: deleted=0 added=0

=== sync run @ 2026-07-17T12:03:05Z ===
run_id: 39
status: success
added_count: 0
removed_count: 0
skipped_count: 36
failed_count: 0
notes: spotify_count=370; mode=incremental; qq_credential_rotated=local-only (no PAT configured); qq_count=333; incremental: search=0 reused=333 skipped_unmatched=36 snap_del=0; write_mode=incremental; safety=ok: remove 0/333 (0.00%); order ok: display-desc; incremental_apply: deleted=0 added=0

=== sync run @ 2026-07-18T11:47:17Z ===
run_id: 40
status: success
added_count: 0
removed_count: 0
skipped_count: 36
failed_count: 0
notes: spotify_count=370; mode=incremental; qq_credential_rotated=local-only (no PAT configured); qq_count=333; incremental: search=0 reused=333 skipped_unmatched=36 snap_del=0; write_mode=incremental; safety=ok: remove 0/333 (0.00%); order ok: display-desc; incremental_apply: deleted=0 added=0

=== sync run @ 2026-07-19T11:50:28Z ===
run_id: 41
status: success
added_count: 0
removed_count: 0
skipped_count: 36
failed_count: 0
notes: spotify_count=370; mode=incremental; qq_credential_rotated=local-only (no PAT configured); qq_count=333; incremental: search=0 reused=333 skipped_unmatched=36 snap_del=0; write_mode=incremental; safety=ok: remove 0/333 (0.00%); order ok: display-desc; incremental_apply: deleted=0 added=0

=== sync run @ 2026-07-20T13:01:31Z ===
run_id: 42
status: success
added_count: 0
removed_count: 0
skipped_count: 36
failed_count: 0
notes: spotify_count=370; mode=incremental; qq_credential_rotated=local-only (no PAT configured); qq_count=333; incremental: search=0 reused=333 skipped_unmatched=36 snap_del=0; write_mode=incremental; safety=ok: remove 0/333 (0.00%); order ok: display-desc; incremental_apply: deleted=0 added=0

=== sync run @ 2026-07-21T12:20:27Z ===
run_id: 43
status: success
added_count: 0
removed_count: 0
skipped_count: 36
failed_count: 0
notes: spotify_count=370; mode=incremental; qq_credential_rotated=local-only (no PAT configured); qq_count=333; incremental: search=0 reused=333 skipped_unmatched=36 snap_del=0; write_mode=incremental; safety=ok: remove 0/333 (0.00%); order ok: display-desc; incremental_apply: deleted=0 added=0

=== sync run @ 2026-07-22T12:22:33Z ===
run_id: 44
status: success
added_count: 2
removed_count: 0
skipped_count: 36
failed_count: 0
notes: spotify_count=372; mode=incremental; qq_credential_rotated=local-only (no PAT configured); qq_count=333; incremental: search=2 reused=333 skipped_unmatched=36 snap_del=0; write_mode=incremental; safety=ok: remove 0/333 (0.00%); order ok: display-desc; incremental_apply: deleted=0 added=2

=== sync run @ 2026-07-23T12:19:59Z ===
run_id: 45
status: success
added_count: 3
removed_count: 0
skipped_count: 36
failed_count: 0
notes: spotify_count=375; mode=incremental; qq_credential_rotated=local-only (no PAT configured); qq_count=335; incremental: search=3 reused=335 skipped_unmatched=36 snap_del=0; write_mode=incremental; safety=ok: remove 0/335 (0.00%); order ok: display-desc; incremental_apply: deleted=0 added=3

=== sync run @ 2026-07-24T12:15:27Z ===
run_id: 46
status: success
added_count: 3
removed_count: 0
skipped_count: 36
failed_count: 0
notes: spotify_count=378; mode=incremental; qq_credential_rotated=local-only (no PAT configured); qq_count=338; incremental: search=3 reused=338 skipped_unmatched=36 snap_del=0; write_mode=incremental; safety=ok: remove 0/338 (0.00%); order ok: display-desc; incremental_apply: deleted=0 added=3

=== sync run @ 2026-07-25T22:55:11Z ===
run_id: 47
status: success
added_count: 2
removed_count: 0
skipped_count: 36
failed_count: 0
notes: spotify_count=380; mode=incremental; qq_credential_rotated=local-only (no PAT configured); qq_count=341; incremental: search=2 reused=341 skipped_unmatched=36 snap_del=0; write_mode=incremental; safety=ok: remove 0/341 (0.00%); order ok: display-desc; incremental_apply: deleted=0 added=2

=== sync run @ 2026-07-26T22:58:05Z ===
run_id: 48
status: success
added_count: 0
removed_count: 0
skipped_count: 36
failed_count: 0
notes: spotify_count=380; mode=incremental; qq_credential_rotated=local-only (no PAT configured); qq_count=343; incremental: search=0 reused=343 skipped_unmatched=36 snap_del=0; write_mode=incremental; safety=ok: remove 0/343 (0.00%); order ok: display-desc; incremental_apply: deleted=0 added=0

=== sync run @ 2026-07-27T23:00:19Z ===
run_id: 49
status: success
added_count: 1
removed_count: 0
skipped_count: 36
failed_count: 0
notes: spotify_count=381; mode=incremental; qq_credential_rotated=local-only (no PAT configured); qq_count=343; incremental: search=1 reused=343 skipped_unmatched=36 snap_del=0; write_mode=incremental; safety=ok: remove 0/343 (0.00%); order ok: display-desc; incremental_apply: deleted=0 added=1

=== sync run @ 2026-07-28T22:56:34Z ===
run_id: 50
status: success
added_count: 1
removed_count: 0
skipped_count: 36
failed_count: 0
notes: spotify_count=382; mode=incremental; qq_credential_rotated=local-only (no PAT configured); qq_count=344; incremental: search=1 reused=344 skipped_unmatched=36 snap_del=0; write_mode=incremental; safety=ok: remove 0/344 (0.00%); order ok: display-desc; incremental_apply: deleted=0 added=1

=== sync run @ 2026-07-29T22:58:16Z ===
run_id: 51
status: success
added_count: 0
removed_count: 0
skipped_count: 36
failed_count: 0
notes: spotify_count=382; mode=incremental; qq_credential_rotated=local-only (no PAT configured); qq_count=345; incremental: search=0 reused=345 skipped_unmatched=36 snap_del=0; write_mode=incremental; safety=ok: remove 0/345 (0.00%); order ok: display-desc; incremental_apply: deleted=0 added=0

=== sync run @ 2026-07-30T23:05:43Z ===
run_id: 52
status: success
added_count: 0
removed_count: 0
skipped_count: 36
failed_count: 0
notes: spotify_count=382; mode=incremental; qq_credential_rotated=local-only (no PAT configured); qq_count=345; incremental: search=0 reused=345 skipped_unmatched=36 snap_del=0; write_mode=incremental; safety=ok: remove 0/345 (0.00%); order ok: display-desc; incremental_apply: deleted=0 added=0

=== sync run @ 2026-07-31T22:58:39Z ===
run_id: 53
status: success
added_count: 1
removed_count: 0
skipped_count: 36
failed_count: 0
notes: spotify_count=383; mode=incremental; qq_credential_rotated=local-only (no PAT configured); qq_count=345; incremental: search=1 reused=345 skipped_unmatched=36 snap_del=0; write_mode=incremental; safety=ok: remove 0/345 (0.00%); order ok: display-desc; incremental_apply: deleted=0 added=1

=== sync run @ 2026-08-01T22:54:07Z ===
run_id: 54
status: success
added_count: 0
removed_count: 0
skipped_count: 36
failed_count: 0
notes: spotify_count=383; mode=incremental; qq_credential_rotated=local-only (no PAT configured); qq_count=346; incremental: search=0 reused=346 skipped_unmatched=36 snap_del=0; write_mode=incremental; safety=ok: remove 0/346 (0.00%); order ok: display-desc; incremental_apply: deleted=0 added=0

=== sync run @ 2026-08-02T22:55:03Z ===
run_id: 55
status: success
added_count: 0
removed_count: 0
skipped_count: 36
failed_count: 0
notes: spotify_count=383; mode=incremental; qq_credential_rotated=local-only (no PAT configured); qq_count=346; incremental: search=0 reused=346 skipped_unmatched=36 snap_del=0; write_mode=incremental; safety=ok: remove 0/346 (0.00%); order ok: display-desc; incremental_apply: deleted=0 added=0

=== sync run @ 2026-08-03T22:58:25Z ===
run_id: 56
status: success
added_count: 0
removed_count: 0
skipped_count: 36
failed_count: 0
notes: spotify_count=383; mode=incremental; qq_credential_rotated=local-only (no PAT configured); qq_count=346; incremental: search=0 reused=346 skipped_unmatched=36 snap_del=0; write_mode=incremental; safety=ok: remove 0/346 (0.00%); order ok: display-desc; incremental_apply: deleted=0 added=0

=== sync run @ 2026-08-04T23:02:18Z ===
run_id: 57
status: success
added_count: 0
removed_count: 1
skipped_count: 36
failed_count: 0
notes: spotify_count=382; mode=incremental; qq_credential_rotated=local-only (no PAT configured); qq_count=346; incremental: search=0 reused=345 skipped_unmatched=36 snap_del=1; write_mode=incremental; safety=ok: remove 1/346 (0.29%); order ok: display-desc; incremental_apply: deleted=1 added=0

=== sync run @ 2026-08-05T22:56:37Z ===
run_id: 58
status: success
added_count: 0
removed_count: 0
skipped_count: 36
failed_count: 0
notes: spotify_count=382; mode=incremental; qq_credential_rotated=local-only (no PAT configured); qq_count=345; incremental: search=0 reused=345 skipped_unmatched=36 snap_del=0; write_mode=incremental; safety=ok: remove 0/345 (0.00%); order ok: display-desc; incremental_apply: deleted=0 added=0

=== sync run @ 2026-08-07T01:29:29Z ===
run_id: 59
status: success
added_count: 0
removed_count: 0
skipped_count: 36
failed_count: 0
notes: spotify_count=382; mode=incremental; qq_credential_rotated=local-only (no PAT configured); qq_count=345; incremental: search=0 reused=345 skipped_unmatched=36 snap_del=0; write_mode=incremental; safety=ok: remove 0/345 (0.00%); order ok: display-desc; incremental_apply: deleted=0 added=0

=== sync run @ 2026-08-07T22:33:04Z ===
run_id: 60
status: success
added_count: 0
removed_count: 0
skipped_count: 36
failed_count: 0
notes: spotify_count=382; mode=incremental; qq_credential_rotated=local-only (no PAT configured); qq_count=345; incremental: search=0 reused=345 skipped_unmatched=36 snap_del=0; write_mode=incremental; safety=ok: remove 0/345 (0.00%); order ok: display-desc; incremental_apply: deleted=0 added=0

=== sync run @ 2026-08-08T22:27:20Z ===
run_id: 61
status: success
added_count: 0
removed_count: 0
skipped_count: 36
failed_count: 0
notes: spotify_count=382; mode=incremental; qq_credential_rotated=local-only (no PAT configured); qq_count=345; incremental: search=0 reused=345 skipped_unmatched=36 snap_del=0; write_mode=incremental; safety=ok: remove 0/345 (0.00%); order ok: display-desc; incremental_apply: deleted=0 added=0

=== sync run @ 2026-08-09T22:28:52Z ===
run_id: 62
status: success
added_count: 0
removed_count: 0
skipped_count: 36
failed_count: 0
notes: spotify_count=382; mode=incremental; qq_credential_rotated=local-only (no PAT configured); qq_count=345; incremental: search=0 reused=345 skipped_unmatched=36 snap_del=0; write_mode=incremental; safety=ok: remove 0/345 (0.00%); order ok: display-desc; incremental_apply: deleted=0 added=0

=== sync run @ 2026-08-10T22:35:53Z ===
run_id: 63
status: success
added_count: 1
removed_count: 1
skipped_count: 37
failed_count: 0
notes: spotify_count=383; mode=incremental; qq_credential_rotated=local-only (no PAT configured); qq_count=345; incremental: search=2 reused=344 skipped_unmatched=36 snap_del=1; write_mode=incremental; safety=ok: remove 1/345 (0.29%); order ok: display-desc; incremental_apply: deleted=1 added=1

=== sync run @ 2026-08-11T22:39:53Z ===
run_id: 64
status: success
added_count: 0
removed_count: 0
skipped_count: 37
failed_count: 0
notes: spotify_count=383; mode=incremental; qq_credential_rotated=local-only (no PAT configured); qq_count=345; incremental: search=0 reused=345 skipped_unmatched=37 snap_del=0; write_mode=incremental; safety=ok: remove 0/345 (0.00%); order ok: display-desc; incremental_apply: deleted=0 added=0

=== sync run @ 2026-08-12T22:38:14Z ===
run_id: 65
status: success
added_count: 0
removed_count: 1
skipped_count: 37
failed_count: 0
notes: spotify_count=383; mode=incremental; qq_credential_rotated=local-only (no PAT configured); qq_count=346; incremental: search=0 reused=345 skipped_unmatched=37 snap_del=0; write_mode=incremental; safety=ok: remove 1/346 (0.29%); order ok: display-desc; incremental_apply: deleted=1 added=0

=== sync run @ 2026-08-13T22:40:08Z ===
run_id: 66
status: success
added_count: 7
removed_count: 0
skipped_count: 38
failed_count: 0
notes: spotify_count=391; mode=incremental; qq_credential_rotated=local-only (no PAT configured); qq_count=345; incremental: search=8 reused=345 skipped_unmatched=37 snap_del=0; write_mode=incremental; safety=ok: remove 0/345 (0.00%); order ok: display-desc; incremental_apply: deleted=0 added=7

=== sync run @ 2026-08-14T22:20:35Z ===
run_id: 67
status: success
added_count: 1
removed_count: 0
skipped_count: 38
failed_count: 0
notes: spotify_count=392; mode=incremental; qq_credential_rotated=local-only (no PAT configured); qq_count=352; incremental: search=1 reused=352 skipped_unmatched=38 snap_del=0; write_mode=incremental; safety=ok: remove 0/352 (0.00%); order ok: display-desc; incremental_apply: deleted=0 added=1

=== sync run @ 2026-08-15T22:18:51Z ===
run_id: 68
status: success
added_count: 0
removed_count: 0
skipped_count: 38
failed_count: 0
notes: spotify_count=392; mode=incremental; qq_credential_rotated=local-only (no PAT configured); qq_count=353; incremental: search=0 reused=353 skipped_unmatched=38 snap_del=0; write_mode=incremental; safety=ok: remove 0/353 (0.00%); order ok: display-desc; incremental_apply: deleted=0 added=0

=== sync run @ 2026-08-16T22:18:52Z ===
run_id: 69
status: success
added_count: 0
removed_count: 0
skipped_count: 38
failed_count: 0
notes: spotify_count=392; mode=incremental; qq_credential_rotated=local-only (no PAT configured); qq_count=353; incremental: search=0 reused=353 skipped_unmatched=38 snap_del=0; write_mode=incremental; safety=ok: remove 0/353 (0.00%); order ok: display-desc; incremental_apply: deleted=0 added=0

=== sync run @ 2026-08-17T22:22:32Z ===
run_id: 70
status: success
added_count: 0
removed_count: 0
skipped_count: 38
failed_count: 0
notes: spotify_count=392; mode=incremental; qq_credential_rotated=local-only (no PAT configured); qq_count=353; incremental: search=0 reused=353 skipped_unmatched=38 snap_del=0; write_mode=incremental; safety=ok: remove 0/353 (0.00%); order ok: display-desc; incremental_apply: deleted=0 added=0

=== sync run @ 2026-08-18T22:21:08Z ===
run_id: 71
status: success
added_count: 0
removed_count: 0
skipped_count: 38
failed_count: 0
notes: spotify_count=392; mode=incremental; qq_credential_rotated=local-only (no PAT configured); qq_count=353; incremental: search=0 reused=353 skipped_unmatched=38 snap_del=0; write_mode=incremental; safety=ok: remove 0/353 (0.00%); order ok: display-desc; incremental_apply: deleted=0 added=0

=== sync run @ 2026-08-19T22:22:49Z ===
run_id: 72
status: success
added_count: 8
removed_count: 2
skipped_count: 39
failed_count: 0
notes: spotify_count=399; mode=incremental; qq_credential_rotated=local-only (no PAT configured); qq_count=353; incremental: search=9 reused=351 skipped_unmatched=38 snap_del=2; write_mode=incremental; safety=ok: remove 2/353 (0.57%); order ok: display-desc; incremental_apply: deleted=2 added=8

=== sync run @ 2026-08-20T22:25:14Z ===
run_id: 73
status: success
added_count: 0
removed_count: 0
skipped_count: 39
failed_count: 0
notes: spotify_count=399; mode=incremental; qq_credential_rotated=local-only (no PAT configured); qq_count=359; incremental: search=0 reused=359 skipped_unmatched=39 snap_del=0; write_mode=incremental; safety=ok: remove 0/359 (0.00%); order ok: display-desc; incremental_apply: deleted=0 added=0

=== sync run @ 2026-08-21T22:23:04Z ===
run_id: 74
status: success
added_count: 369
removed_count: 369
skipped_count: 39
failed_count: 0
notes: spotify_count=409; mode=incremental; qq_credential_rotated=local-only (no PAT configured); qq_count=369; incremental: search=10 reused=359 skipped_unmatched=39 snap_del=0; write_mode=rebuild; safety=ok: remove 1/369 (0.27%); rebuild loss 0/369 (0.00% <= 20.00%); rebuild: deleted=369 added=369 target_order=369

=== sync run @ 2026-08-22T22:19:35Z ===
run_id: 75
status: success
added_count: 0
removed_count: 0
skipped_count: 39
failed_count: 0
notes: spotify_count=409; mode=incremental; qq_credential_rotated=local-only (no PAT configured); qq_count=369; incremental: search=0 reused=369 skipped_unmatched=39 snap_del=0; write_mode=incremental; safety=ok: remove 0/369 (0.00%); order ok: display-desc; incremental_apply: deleted=0 added=0

=== sync run @ 2026-08-23T22:19:37Z ===
run_id: 76
status: success
added_count: 0
removed_count: 1
skipped_count: 39
failed_count: 0
notes: spotify_count=410; mode=incremental; qq_credential_rotated=local-only (no PAT configured); qq_count=371; incremental: search=1 reused=369 skipped_unmatched=39 snap_del=0; write_mode=incremental; safety=ok: remove 1/371 (0.27%); order ok: display-desc; incremental_apply: deleted=1 added=0

